  CroJsonIntTests.c
  CroJsonUnitTests-TokenParsing.c
C:\Users\CathelRobertson\source\ownRepos\CathelsZerothProject\CathelsZerothProject\CroJsonIntTests.c(49,19): warning C4013: 'GetJsonTree' undefined; assuming extern returning int
C:\Users\CathelRobertson\source\ownRepos\CathelsZerothProject\CathelsZerothProject\CroJsonIntTests.c(56,21): warning C4013: 'SearchTree' undefined; assuming extern returning int
C:\Users\CathelRobertson\source\ownRepos\CathelsZerothProject\CathelsZerothProject\CroJsonIntTests.c(57,25): warning C4013: 'GetListItem' undefined; assuming extern returning int
C:\Users\CathelRobertson\source\ownRepos\CathelsZerothProject\CathelsZerothProject\CroJsonIntTests.c(49,12): warning C4047: 'initializing': 'TreeNode *' differs in levels of indirection from 'int'
C:\Users\CathelRobertson\source\ownRepos\CathelsZerothProject\CathelsZerothProject\CroJsonIntTests.c(56,12): warning C4047: 'initializing': 'TreeNode *' differs in levels of indirection from 'int'
C:\Users\CathelRobertson\source\ownRepos\CathelsZerothProject\CathelsZerothProject\CroJsonIntTests.c(57,12): warning C4047: 'initializing': 'TreeNode *' differs in levels of indirection from 'int'
C:\Users\CathelRobertson\source\ownRepos\CathelsZerothProject\CathelsZerothProject\CroJsonIntTests.c(58,12): warning C4047: 'initializing': 'TreeNode *' differs in levels of indirection from 'int'
C:\Users\CathelRobertson\source\ownRepos\CathelsZerothProject\CathelsZerothProject\CroJsonIntTests.c(85,12): warning C4047: 'initializing': 'TreeNode *' differs in levels of indirection from 'int'
C:\Users\CathelRobertson\source\ownRepos\CathelsZerothProject\CathelsZerothProject\CroJsonIntTests.c(92,12): warning C4047: 'initializing': 'TreeNode *' differs in levels of indirection from 'int'
C:\Users\CathelRobertson\source\ownRepos\CathelsZerothProject\CathelsZerothProject\CroJsonIntTests.c(125,10): warning C4047: '=': 'TreeNode *' differs in levels of indirection from 'int'
C:\Users\CathelRobertson\source\ownRepos\CathelsZerothProject\CathelsZerothProject\CroJsonIntTests.c(116,12): warning C4047: 'initializing': 'TreeNode *' differs in levels of indirection from 'int'
C:\Users\CathelRobertson\source\ownRepos\CathelsZerothProject\CathelsZerothProject\CroJsonIntTests.c(123,12): warning C4047: 'initializing': 'TreeNode *' differs in levels of indirection from 'int'
C:\Users\CathelRobertson\source\ownRepos\CathelsZerothProject\CathelsZerothProject\CroJsonIntTests.c(151,12): warning C4047: 'initializing': 'TreeNode *' differs in levels of indirection from 'int'
C:\Users\CathelRobertson\source\ownRepos\CathelsZerothProject\CathelsZerothProject\CroJsonIntTests.c(158,12): warning C4047: 'initializing': 'TreeNode *' differs in levels of indirection from 'int'
C:\Users\CathelRobertson\source\ownRepos\CathelsZerothProject\CathelsZerothProject\CroJsonIntTests.c(179,12): warning C4047: 'initializing': 'TreeNode *' differs in levels of indirection from 'int'
C:\Users\CathelRobertson\source\ownRepos\CathelsZerothProject\CathelsZerothProject\CroJsonIntTests.c(186,12): warning C4047: 'initializing': 'TreeNode *' differs in levels of indirection from 'int'
C:\Users\CathelRobertson\source\ownRepos\CathelsZerothProject\CathelsZerothProject\CroJsonIntTests.c(209,12): warning C4047: 'initializing': 'TreeNode *' differs in levels of indirection from 'int'
C:\Users\CathelRobertson\source\ownRepos\CathelsZerothProject\CathelsZerothProject\CroJsonIntTests.c(216,12): warning C4047: 'initializing': 'TreeNode *' differs in levels of indirection from 'int'
C:\Users\CathelRobertson\source\ownRepos\CathelsZerothProject\CathelsZerothProject\CroJsonIntTests.c(238,12): warning C4047: 'initializing': 'TreeNode *' differs in levels of indirection from 'int'
C:\Users\CathelRobertson\source\ownRepos\CathelsZerothProject\CathelsZerothProject\CroJsonIntTests.c(245,12): warning C4047: 'initializing': 'TreeNode *' differs in levels of indirection from 'int'
C:\Users\CathelRobertson\source\ownRepos\CathelsZerothProject\CathelsZerothProject\CroJsonIntTests.c(266,12): warning C4047: 'initializing': 'TreeNode *' differs in levels of indirection from 'int'
C:\Users\CathelRobertson\source\ownRepos\CathelsZerothProject\CathelsZerothProject\CroJsonIntTests.c(273,12): warning C4047: 'initializing': 'TreeNode *' differs in levels of indirection from 'int'
C:\Users\CathelRobertson\source\ownRepos\CathelsZerothProject\CathelsZerothProject\CroJsonUnitTests-TokenParsing.c(61,6): warning C4013: 'ParseValue' undefined; assuming extern returning int
C:\Users\CathelRobertson\source\ownRepos\CathelsZerothProject\CathelsZerothProject\CroJsonUnitTests-TokenParsing.c(61,42): warning C4047: '!=': 'int' differs in levels of indirection from 'void *'
C:\Users\CathelRobertson\source\ownRepos\CathelsZerothProject\CathelsZerothProject\CroJsonUnitTests-TokenParsing.c(81,43): warning C4047: '!=': 'int' differs in levels of indirection from 'void *'
C:\Users\CathelRobertson\source\ownRepos\CathelsZerothProject\CathelsZerothProject\CroJsonUnitTests-TokenParsing.c(99,42): warning C4047: '!=': 'int' differs in levels of indirection from 'void *'
C:\Users\CathelRobertson\source\ownRepos\CathelsZerothProject\CathelsZerothProject\CroJsonUnitTests-TokenParsing.c(120,43): warning C4047: '!=': 'int' differs in levels of indirection from 'void *'
C:\Users\CathelRobertson\source\ownRepos\CathelsZerothProject\CathelsZerothProject\CroJsonUnitTests-TokenParsing.c(138,42): warning C4047: '!=': 'int' differs in levels of indirection from 'void *'
C:\Users\CathelRobertson\source\ownRepos\CathelsZerothProject\CathelsZerothProject\CroJsonUnitTests-TokenParsing.c(159,43): warning C4047: '!=': 'int' differs in levels of indirection from 'void *'
C:\Users\CathelRobertson\source\ownRepos\CathelsZerothProject\CathelsZerothProject\CroJsonUnitTests-TokenParsing.c(181,43): warning C4047: '!=': 'int' differs in levels of indirection from 'void *'
C:\Users\CathelRobertson\source\ownRepos\CathelsZerothProject\CathelsZerothProject\CroJsonUnitTests-TokenParsing.c(60,35): warning C4267: 'initializing': conversion from 'size_t' to 'int', possible loss of data
C:\Users\CathelRobertson\source\ownRepos\CathelsZerothProject\CathelsZerothProject\CroJsonUnitTests-TokenParsing.c(80,35): warning C4267: 'initializing': conversion from 'size_t' to 'int', possible loss of data
C:\Users\CathelRobertson\source\ownRepos\CathelsZerothProject\CathelsZerothProject\CroJsonUnitTests-TokenParsing.c(98,35): warning C4267: 'initializing': conversion from 'size_t' to 'int', possible loss of data
C:\Users\CathelRobertson\source\ownRepos\CathelsZerothProject\CathelsZerothProject\CroJsonUnitTests-TokenParsing.c(119,35): warning C4267: 'initializing': conversion from 'size_t' to 'int', possible loss of data
C:\Users\CathelRobertson\source\ownRepos\CathelsZerothProject\CathelsZerothProject\CroJsonUnitTests-TokenParsing.c(137,35): warning C4267: 'initializing': conversion from 'size_t' to 'int', possible loss of data
C:\Users\CathelRobertson\source\ownRepos\CathelsZerothProject\CathelsZerothProject\CroJsonUnitTests-TokenParsing.c(158,35): warning C4267: 'initializing': conversion from 'size_t' to 'int', possible loss of data
C:\Users\CathelRobertson\source\ownRepos\CathelsZerothProject\CathelsZerothProject\CroJsonUnitTests-TokenParsing.c(180,35): warning C4267: 'initializing': conversion from 'size_t' to 'int', possible loss of data
C:\Users\CathelRobertson\source\ownRepos\CathelsZerothProject\CathelsZerothProject\CroJsonUnitTests-TokenParsing.c(220,6): warning C4013: 'ParseNonString' undefined; assuming extern returning int
C:\Users\CathelRobertson\source\ownRepos\CathelsZerothProject\CathelsZerothProject\CroJsonUnitTests-TokenParsing.c(219,35): warning C4267: 'initializing': conversion from 'size_t' to 'int', possible loss of data
C:\Users\CathelRobertson\source\ownRepos\CathelsZerothProject\CathelsZerothProject\CroJsonUnitTests-TokenParsing.c(236,35): warning C4267: 'initializing': conversion from 'size_t' to 'int', possible loss of data
C:\Users\CathelRobertson\source\ownRepos\CathelsZerothProject\CathelsZerothProject\CroJsonUnitTests-TokenParsing.c(253,35): warning C4267: 'initializing': conversion from 'size_t' to 'int', possible loss of data
C:\Users\CathelRobertson\source\ownRepos\CathelsZerothProject\CathelsZerothProject\CroJsonUnitTests-TokenParsing.c(271,35): warning C4267: 'initializing': conversion from 'size_t' to 'int', possible loss of data
C:\Users\CathelRobertson\source\ownRepos\CathelsZerothProject\CathelsZerothProject\CroJsonUnitTests-TokenParsing.c(291,35): warning C4267: 'initializing': conversion from 'size_t' to 'int', possible loss of data
C:\Users\CathelRobertson\source\ownRepos\CathelsZerothProject\CathelsZerothProject\CroJsonUnitTests-TokenParsing.c(302,35): warning C4267: 'initializing': conversion from 'size_t' to 'int', possible loss of data
C:\Users\CathelRobertson\source\ownRepos\CathelsZerothProject\CathelsZerothProject\CroJsonUnitTests-TokenParsing.c(349,11): error C2198: 'char *ReadContent(JsonBuffer *,bool,char *)': too few arguments for call
C:\Users\CathelRobertson\source\ownRepos\CathelsZerothProject\CathelsZerothProject\CroJsonUnitTests-TokenParsing.c(365,11): error C2198: 'char *ReadContent(JsonBuffer *,bool,char *)': too few arguments for call
C:\Users\CathelRobertson\source\ownRepos\CathelsZerothProject\CathelsZerothProject\CroJsonUnitTests-TokenParsing.c(381,11): error C2198: 'char *ReadContent(JsonBuffer *,bool,char *)': too few arguments for call
C:\Users\CathelRobertson\source\ownRepos\CathelsZerothProject\CathelsZerothProject\CroJsonUnitTests-TokenParsing.c(397,11): error C2198: 'char *ReadContent(JsonBuffer *,bool,char *)': too few arguments for call
C:\Users\CathelRobertson\source\ownRepos\CathelsZerothProject\CathelsZerothProject\CroJsonUnitTests-TokenParsing.c(413,11): error C2198: 'char *ReadContent(JsonBuffer *,bool,char *)': too few arguments for call
C:\Users\CathelRobertson\source\ownRepos\CathelsZerothProject\CathelsZerothProject\CroJsonUnitTests-TokenParsing.c(429,11): error C2198: 'char *ReadContent(JsonBuffer *,bool,char *)': too few arguments for call
C:\Users\CathelRobertson\source\ownRepos\CathelsZerothProject\CathelsZerothProject\CroJsonUnitTests-TokenParsing.c(445,11): error C2198: 'char *ReadContent(JsonBuffer *,bool,char *)': too few arguments for call
C:\Users\CathelRobertson\source\ownRepos\CathelsZerothProject\CathelsZerothProject\CroJsonUnitTests-TokenParsing.c(463,11): error C2198: 'char *ReadContent(JsonBuffer *,bool,char *)': too few arguments for call
C:\Users\CathelRobertson\source\ownRepos\CathelsZerothProject\CathelsZerothProject\CroJsonUnitTests-TokenParsing.c(479,11): error C2198: 'char *ReadContent(JsonBuffer *,bool,char *)': too few arguments for call
C:\Users\CathelRobertson\source\ownRepos\CathelsZerothProject\CathelsZerothProject\CroJsonUnitTests-TokenParsing.c(495,11): error C2198: 'char *ReadContent(JsonBuffer *,bool,char *)': too few arguments for call
C:\Users\CathelRobertson\source\ownRepos\CathelsZerothProject\CathelsZerothProject\CroJsonUnitTests-TokenParsing.c(512,11): error C2198: 'char *ReadContent(JsonBuffer *,bool,char *)': too few arguments for call
C:\Users\CathelRobertson\source\ownRepos\CathelsZerothProject\CathelsZerothProject\CroJsonUnitTests-TokenParsing.c(523,11): error C2198: 'char *ReadContent(JsonBuffer *,bool,char *)': too few arguments for call
C:\Users\CathelRobertson\source\ownRepos\CathelsZerothProject\CathelsZerothProject\CroJsonUnitTests-TokenParsing.c(551,6): warning C4013: 'ParseFloat' undefined; assuming extern returning int
C:\Users\CathelRobertson\source\ownRepos\CathelsZerothProject\CathelsZerothProject\CroJsonUnitTests-TokenParsing.c(633,6): warning C4013: 'ParseInt' undefined; assuming extern returning int
  Main.c
\Main.c(1,1): error C1083: Cannot open source file: 'Main.c': No such file or directory
  (compiling source file '/Main.c')
  
  Experiments.c
  FileOps.c
C:\Users\CathelRobertson\source\ownRepos\CathelsZerothProject\CathelsZerothProject\FileOps.c(12,5): warning C4013: 'gets' undefined; assuming extern returning int
C:\Users\CathelRobertson\source\ownRepos\CathelsZerothProject\CathelsZerothProject\FileOps.c(13,23): warning C4267: 'initializing': conversion from 'size_t' to 'int', possible loss of data
C:\Users\CathelRobertson\source\ownRepos\CathelsZerothProject\CathelsZerothProject\FileOps.c(98,23): warning C4267: 'initializing': conversion from 'size_t' to 'int', possible loss of data
C:\Users\CathelRobertson\source\ownRepos\CathelsZerothProject\CathelsZerothProject\FileOps.c(100,9): error C4996: 'strcat': This function or variable may be unsafe. Consider using strcat_s instead. To disable deprecation, use _CRT_SECURE_NO_WARNINGS. See online help for details.
  JsonReaderTests.c
C:\Users\CathelRobertson\source\ownRepos\CathelsZerothProject\CathelsZerothProject\JsonReaderTests.c(41,4): warning C4013: 'PrintErr' undefined; assuming extern returning int
C:\Users\CathelRobertson\source\ownRepos\CathelsZerothProject\CathelsZerothProject\JsonReaderTests.c(45,8): warning C4013: 'JsonValid' undefined; assuming extern returning int
C:\Users\CathelRobertson\source\ownRepos\CathelsZerothProject\CathelsZerothProject\JsonReaderTests.c(36,3): error C4996: 'strcpy': This function or variable may be unsafe. Consider using strcpy_s instead. To disable deprecation, use _CRT_SECURE_NO_WARNINGS. See online help for details.
C:\Users\CathelRobertson\source\ownRepos\CathelsZerothProject\CathelsZerothProject\JsonReaderTests.c(37,3): error C4996: 'strcpy': This function or variable may be unsafe. Consider using strcpy_s instead. To disable deprecation, use _CRT_SECURE_NO_WARNINGS. See online help for details.
  CroJson_bkp.c
C:\Users\CathelRobertson\source\ownRepos\CathelsZerothProject\CathelsZerothProject\CroJson_bkp.c(17,16): error C2011: 'Error': 'struct' type redefinition
      C:\Users\CathelRobertson\source\ownRepos\CathelsZerothProject\CathelsZerothProject\CroJson.h(63,16):
      see declaration of 'Error'
  
C:\Users\CathelRobertson\source\ownRepos\CathelsZerothProject\CathelsZerothProject\CroJson_bkp.c(144,25): error C2197: 'void SkipWhiteSpace(JsonBuffer *)': too many arguments for call
C:\Users\CathelRobertson\source\ownRepos\CathelsZerothProject\CathelsZerothProject\CroJson_bkp.c(147,21): warning C4013: 'ParseObject' undefined; assuming extern returning int
C:\Users\CathelRobertson\source\ownRepos\CathelsZerothProject\CathelsZerothProject\CroJson_bkp.c(136,41): warning C4267: 'initializing': conversion from 'size_t' to 'int', possible loss of data
C:\Users\CathelRobertson\source\ownRepos\CathelsZerothProject\CathelsZerothProject\CroJson_bkp.c(143,5): error C4996: 'strcpy': This function or variable may be unsafe. Consider using strcpy_s instead. To disable deprecation, use _CRT_SECURE_NO_WARNINGS. See online help for details.
C:\Users\CathelRobertson\source\ownRepos\CathelsZerothProject\CathelsZerothProject\CroJson_bkp.c(159,6): error C2371: 'ParseObject': redefinition; different basic types
C:\Users\CathelRobertson\source\ownRepos\CathelsZerothProject\CathelsZerothProject\CroJson_bkp.c(168,23): warning C4013: 'ParseValue' undefined; assuming extern returning int
C:\Users\CathelRobertson\source\ownRepos\CathelsZerothProject\CathelsZerothProject\CroJson_bkp.c(168,21): warning C4047: '=': 'TreeNode *' differs in levels of indirection from 'int'
C:\Users\CathelRobertson\source\ownRepos\CathelsZerothProject\CathelsZerothProject\CroJson_bkp.c(171,13): warning C4013: 'AddErrorCallStack' undefined; assuming extern returning int
C:\Users\CathelRobertson\source\ownRepos\CathelsZerothProject\CathelsZerothProject\CroJson_bkp.c(175,29): error C2197: 'void SkipWhiteSpace(JsonBuffer *)': too many arguments for call
C:\Users\CathelRobertson\source\ownRepos\CathelsZerothProject\CathelsZerothProject\CroJson_bkp.c(178,25): error C2197: 'void SkipWhiteSpace(JsonBuffer *)': too many arguments for call
C:\Users\CathelRobertson\source\ownRepos\CathelsZerothProject\CathelsZerothProject\CroJson_bkp.c(198,11): error C2040: 'ParseValue': 'TreeNode *(JsonBuffer *,TreeNode **,bool)' differs in levels of indirection from 'int ()'
C:\Users\CathelRobertson\source\ownRepos\CathelsZerothProject\CathelsZerothProject\CroJson_bkp.c(212,14): warning C4013: 'ReadValueName' undefined; assuming extern returning int
C:\Users\CathelRobertson\source\ownRepos\CathelsZerothProject\CathelsZerothProject\CroJson_bkp.c(220,33): error C2197: 'void SkipWhiteSpace(JsonBuffer *)': too many arguments for call
C:\Users\CathelRobertson\source\ownRepos\CathelsZerothProject\CathelsZerothProject\CroJson_bkp.c(229,26): error C2197: 'void SkipWhiteSpace(JsonBuffer *)': too many arguments for call
C:\Users\CathelRobertson\source\ownRepos\CathelsZerothProject\CathelsZerothProject\CroJson_bkp.c(244,14): warning C4013: 'ParseList' undefined; assuming extern returning int
C:\Users\CathelRobertson\source\ownRepos\CathelsZerothProject\CathelsZerothProject\CroJson_bkp.c(251,14): warning C4013: 'ParseString' undefined; assuming extern returning int
C:\Users\CathelRobertson\source\ownRepos\CathelsZerothProject\CathelsZerothProject\CroJson_bkp.c(258,14): warning C4013: 'ParseNonString' undefined; assuming extern returning int
C:\Users\CathelRobertson\source\ownRepos\CathelsZerothProject\CathelsZerothProject\CroJson_bkp.c(271,6): error C2371: 'ParseList': redefinition; different basic types
C:\Users\CathelRobertson\source\ownRepos\CathelsZerothProject\CathelsZerothProject\CroJson_bkp.c(282,21): warning C4047: '=': 'TreeNode *' differs in levels of indirection from 'int'
C:\Users\CathelRobertson\source\ownRepos\CathelsZerothProject\CathelsZerothProject\CroJson_bkp.c(289,29): error C2197: 'void SkipWhiteSpace(JsonBuffer *)': too many arguments for call
C:\Users\CathelRobertson\source\ownRepos\CathelsZerothProject\CathelsZerothProject\CroJson_bkp.c(293,25): error C2197: 'void SkipWhiteSpace(JsonBuffer *)': too many arguments for call
C:\Users\CathelRobertson\source\ownRepos\CathelsZerothProject\CathelsZerothProject\CroJson_bkp.c(304,6): error C2371: 'ParseNonString': redefinition; different basic types
C:\Users\CathelRobertson\source\ownRepos\CathelsZerothProject\CathelsZerothProject\CroJson_bkp.c(307,21): error C2198: 'char *ReadContent(JsonBuffer *,bool,char *)': too few arguments for call
C:\Users\CathelRobertson\source\ownRepos\CathelsZerothProject\CathelsZerothProject\CroJson_bkp.c(331,25): warning C4013: 'ParseFloat' undefined; assuming extern returning int
C:\Users\CathelRobertson\source\ownRepos\CathelsZerothProject\CathelsZerothProject\CroJson_bkp.c(336,25): warning C4013: 'ParseInt' undefined; assuming extern returning int
C:\Users\CathelRobertson\source\ownRepos\CathelsZerothProject\CathelsZerothProject\CroJson_bkp.c(350,6): error C2371: 'ParseString': redefinition; different basic types
C:\Users\CathelRobertson\source\ownRepos\CathelsZerothProject\CathelsZerothProject\CroJson_bkp.c(352,20): error C2198: 'char *ReadContent(JsonBuffer *,bool,char *)': too few arguments for call
C:\Users\CathelRobertson\source\ownRepos\CathelsZerothProject\CathelsZerothProject\CroJson_bkp.c(368,6): error C2371: 'ParseInt': redefinition; different basic types
C:\Users\CathelRobertson\source\ownRepos\CathelsZerothProject\CathelsZerothProject\CroJson_bkp.c(385,6): error C2371: 'ParseFloat': redefinition; different basic types
C:\Users\CathelRobertson\source\ownRepos\CathelsZerothProject\CathelsZerothProject\CroJson_bkp.c(405,51): warning C4267: '=': conversion from 'size_t' to 'int', possible loss of data
C:\Users\CathelRobertson\source\ownRepos\CathelsZerothProject\CathelsZerothProject\CroJson_bkp.c(391,32): warning C4267: 'initializing': conversion from 'size_t' to 'int', possible loss of data
C:\Users\CathelRobertson\source\ownRepos\CathelsZerothProject\CathelsZerothProject\CroJson_bkp.c(424,7): warning C4029: declared formal parameter list different from definition
C:\Users\CathelRobertson\source\ownRepos\CathelsZerothProject\CathelsZerothProject\CroJson_bkp.c(573,6): error C2371: 'ReadValueName': redefinition; different basic types
C:\Users\CathelRobertson\source\ownRepos\CathelsZerothProject\CathelsZerothProject\CroJson_bkp.c(576,25): error C2197: 'void SkipWhiteSpace(JsonBuffer *)': too many arguments for call
C:\Users\CathelRobertson\source\ownRepos\CathelsZerothProject\CathelsZerothProject\CroJson_bkp.c(622,6): warning C4029: declared formal parameter list different from definition
C:\Users\CathelRobertson\source\ownRepos\CathelsZerothProject\CathelsZerothProject\CroJson_bkp.c(655,5): error C4996: 'strcpy': This function or variable may be unsafe. Consider using strcpy_s instead. To disable deprecation, use _CRT_SECURE_NO_WARNINGS. See online help for details.
C:\Users\CathelRobertson\source\ownRepos\CathelsZerothProject\CathelsZerothProject\CroJson_bkp.c(656,5): error C4996: 'strcpy': This function or variable may be unsafe. Consider using strcpy_s instead. To disable deprecation, use _CRT_SECURE_NO_WARNINGS. See online help for details.
C:\Users\CathelRobertson\source\ownRepos\CathelsZerothProject\CathelsZerothProject\CroJson_bkp.c(661,6): error C2371: 'AddErrorCallStack': redefinition; different basic types
C:\Users\CathelRobertson\source\ownRepos\CathelsZerothProject\CathelsZerothProject\CroJson_bkp.c(663,5): error C4996: 'strcat': This function or variable may be unsafe. Consider using strcat_s instead. To disable deprecation, use _CRT_SECURE_NO_WARNINGS. See online help for details.
C:\Users\CathelRobertson\source\ownRepos\CathelsZerothProject\CathelsZerothProject\CroJson_bkp.c(664,5): error C4996: 'strcat': This function or variable may be unsafe. Consider using strcat_s instead. To disable deprecation, use _CRT_SECURE_NO_WARNINGS. See online help for details.
  CroJson.c
C:\Users\CathelRobertson\source\ownRepos\CathelsZerothProject\CathelsZerothProject\CroJson.c(138,37): warning C4267: '+=': conversion from 'size_t' to 'int', possible loss of data
C:\Users\CathelRobertson\source\ownRepos\CathelsZerothProject\CathelsZerothProject\CroJson.c(183,37): warning C4267: '+=': conversion from 'size_t' to 'int', possible loss of data
C:\Users\CathelRobertson\source\ownRepos\CathelsZerothProject\CathelsZerothProject\CroJson.c(277,40): warning C4267: 'initializing': conversion from 'size_t' to 'int', possible loss of data
C:\Users\CathelRobertson\source\ownRepos\CathelsZerothProject\CathelsZerothProject\CroJson.c(278,5): error C4996: 'strcpy': This function or variable may be unsafe. Consider using strcpy_s instead. To disable deprecation, use _CRT_SECURE_NO_WARNINGS. See online help for details.
C:\Users\CathelRobertson\source\ownRepos\CathelsZerothProject\CathelsZerothProject\CroJson.c(290,60): warning C4267: 'initializing': conversion from 'size_t' to 'int', possible loss of data
C:\Users\CathelRobertson\source\ownRepos\CathelsZerothProject\CathelsZerothProject\CroJson.c(433,5): error C4996: 'strcpy': This function or variable may be unsafe. Consider using strcpy_s instead. To disable deprecation, use _CRT_SECURE_NO_WARNINGS. See online help for details.
C:\Users\CathelRobertson\source\ownRepos\CathelsZerothProject\CathelsZerothProject\CroJson.c(434,5): error C4996: 'strcpy': This function or variable may be unsafe. Consider using strcpy_s instead. To disable deprecation, use _CRT_SECURE_NO_WARNINGS. See online help for details.
C:\Users\CathelRobertson\source\ownRepos\CathelsZerothProject\CathelsZerothProject\CroJson.c(441,5): error C4996: 'strcat': This function or variable may be unsafe. Consider using strcat_s instead. To disable deprecation, use _CRT_SECURE_NO_WARNINGS. See online help for details.
C:\Users\CathelRobertson\source\ownRepos\CathelsZerothProject\CathelsZerothProject\CroJson.c(442,5): error C4996: 'strcat': This function or variable may be unsafe. Consider using strcat_s instead. To disable deprecation, use _CRT_SECURE_NO_WARNINGS. See online help for details.
  CroJsonUnitTests-Tokenization.c
C:\Users\CathelRobertson\source\ownRepos\CathelsZerothProject\CathelsZerothProject\CroJsonUnitTests-Tokenization.c(53,39): warning C4267: 'initializing': conversion from 'size_t' to 'int', possible loss of data
C:\Users\CathelRobertson\source\ownRepos\CathelsZerothProject\CathelsZerothProject\CroJsonUnitTests-Tokenization.c(56,40): warning C4267: 'initializing': conversion from 'size_t' to 'int', possible loss of data
  Utils.c
C:\Users\CathelRobertson\source\ownRepos\CathelsZerothProject\CathelsZerothProject\Utils.c(16,31): warning C4267: 'initializing': conversion from 'size_t' to 'int', possible loss of data
C:\Users\CathelRobertson\source\ownRepos\CathelsZerothProject\CathelsZerothProject\Utils.c(31,19): warning C4267: 'initializing': conversion from 'size_t' to 'int', possible loss of data
  Generating Code...
